// Jest Snapshot v1, https://goo.gl/fbAQLP

exports[`Header test should render header 1`] = `ShallowWrapper {}`;
